<?xml version='1.0' encoding='UTF-8' standalone='no'?>
<doxygen xmlns:xsi="http://www.w3.org/2001/XMLSchema-instance" xsi:noNamespaceSchemaLocation="compound.xsd" version="1.8.11">
  <compounddef id="dir_e4787312bc569bb879bb1171628269de" kind="dir">
    <compoundname>tests/doc-test-files</compoundname>
    <innerfile refid="JacobianFactorQ_8h">JacobianFactorQ.h</innerfile>
    <innerfile refid="NonlinearFactor_8h">NonlinearFactor.h</innerfile>
    <briefdescription>
    </briefdescription>
    <detaileddescription>
    </detaileddescription>
    <location file="tests/doc-test-files/"/>
  </compounddef>
</doxygen>
