<?xml version='1.0' encoding='UTF-8' standalone='no'?>
<doxygenindex xmlns:xsi="http://www.w3.org/2001/XMLSchema-instance" xsi:noNamespaceSchemaLocation="index.xsd" version="1.8.11">
  <compound refid="classgtsam_1_1JacobianFactorQ" kind="class"><name>gtsam::JacobianFactorQ</name>
    <member refid="classgtsam_1_1JacobianFactorQ_1abb244ea915349e3beb40b669fe8317c4" kind="typedef"><name>Base</name></member>
    <member refid="classgtsam_1_1JacobianFactorQ_1aa64b12e917e0c89d0d0e9782ea9e06a4" kind="typedef"><name>MatrixZD</name></member>
    <member refid="classgtsam_1_1JacobianFactorQ_1a2dbb8aa1aaf1d46d64181c5aeeb1a06c" kind="typedef"><name>KeyMatrix</name></member>
    <member refid="classgtsam_1_1JacobianFactorQ_1a4dd3fbba46a6dff75bcf902931a3b769" kind="function"><name>JacobianFactorQ</name></member>
    <member refid="classgtsam_1_1JacobianFactorQ_1abfb38e58b5b2d1293cf374b7eca2b2d4" kind="function"><name>JacobianFactorQ</name></member>
    <member refid="classgtsam_1_1JacobianFactorQ_1a549fef1272025c45472f2e4294bd319e" kind="function"><name>JacobianFactorQ</name></member>
  </compound>
  <compound refid="classgtsam_1_1NoiseModelFactor" kind="class"><name>gtsam::NoiseModelFactor</name>
    <member refid="classgtsam_1_1NoiseModelFactor_1a9ac7f77c3ae2d5bfd14d25f4bdc3deaa" kind="typedef"><name>Base</name></member>
    <member refid="classgtsam_1_1NoiseModelFactor_1a44e242fb0945cf6c60d30c36c3f229af" kind="typedef"><name>This</name></member>
    <member refid="classgtsam_1_1NoiseModelFactor_1a57d98d52fb6f91ebc54d74746aeb90e4" kind="typedef"><name>shared_ptr</name></member>
    <member refid="classgtsam_1_1NoiseModelFactor_1a2263eabbefe0eede8c9d10486f61bb4d" kind="variable"><name>noiseModel_</name></member>
    <member refid="classgtsam_1_1NoiseModelFactor_1ac98d07dd8f7b70e16ccb9a01abf56b9c" kind="friend"><name>boost::serialization::access</name></member>
    <member refid="classgtsam_1_1NoiseModelFactor_1ad6e8ef3348e042d598617d1d55f20300" kind="function"><name>NoiseModelFactor</name></member>
    <member refid="classgtsam_1_1NoiseModelFactor_1ae1ed5e0fa6c471b57172f7ebaf552187" kind="function"><name>~NoiseModelFactor</name></member>
    <member refid="classgtsam_1_1NoiseModelFactor_1a02cea97db30d27b51feaf1f0444d743c" kind="function"><name>NoiseModelFactor</name></member>
    <member refid="classgtsam_1_1NoiseModelFactor_1a682e0bbaf0c9638b7d0d96148082d1d7" kind="function"><name>print</name></member>
    <member refid="classgtsam_1_1NoiseModelFactor_1a616d0335db512e9c333cab83b1923399" kind="function"><name>equals</name></member>
    <member refid="classgtsam_1_1NoiseModelFactor_1af4f62b52fff1a0527ecdb279de023728" kind="function"><name>dim</name></member>
    <member refid="classgtsam_1_1NoiseModelFactor_1a123e5729d70b4acd6d7e1f70b1a7ced4" kind="function"><name>noiseModel</name></member>
    <member refid="classgtsam_1_1NoiseModelFactor_1a16a8a23069ce6ae664f516edc8f36254" kind="function"><name>get_noiseModel</name></member>
    <member refid="classgtsam_1_1NoiseModelFactor_1afd61874915a8076bf83f9d8311fc0e26" kind="function"><name>unwhitenedError</name></member>
    <member refid="classgtsam_1_1NoiseModelFactor_1a1b3ea51380315bfd63f60d8d9195b0c1" kind="function"><name>whitenedError</name></member>
    <member refid="classgtsam_1_1NoiseModelFactor_1af6147aff3a33f734435601f6dcafeaf9" kind="function"><name>error</name></member>
    <member refid="classgtsam_1_1NoiseModelFactor_1a0c83582a0bd04e112e4c0a17cd4ed324" kind="function"><name>linearize</name></member>
    <member refid="classgtsam_1_1NoiseModelFactor_1a4605224417029e9dc58c5267efa9a46d" kind="function"><name>NoiseModelFactor</name></member>
    <member refid="classgtsam_1_1NoiseModelFactor_1abb60fdb39cb6939b08744605713e153e" kind="function"><name>serialize</name></member>
  </compound>
  <compound refid="classgtsam_1_1NoiseModelFactor1" kind="class"><name>gtsam::NoiseModelFactor1</name>
    <member refid="classgtsam_1_1NoiseModelFactor1_1a37d19c88478e96cf1dfc065229734ece" kind="typedef"><name>X</name></member>
    <member refid="classgtsam_1_1NoiseModelFactor1_1a8ed3a4fbfc8843df8a2f21a805e93ef0" kind="typedef"><name>Base</name></member>
    <member refid="classgtsam_1_1NoiseModelFactor1_1a22cb5d89cc9ec25e2d94004917d890fc" kind="typedef"><name>This</name></member>
    <member refid="classgtsam_1_1NoiseModelFactor1_1ac98d07dd8f7b70e16ccb9a01abf56b9c" kind="friend"><name>boost::serialization::access</name></member>
    <member refid="classgtsam_1_1NoiseModelFactor1_1a85c649f81b216f5b5d7e321febc7762c" kind="function"><name>NoiseModelFactor1</name></member>
    <member refid="classgtsam_1_1NoiseModelFactor1_1aecf0afe14b2af551d62a6e62ee8a8d27" kind="function"><name>~NoiseModelFactor1</name></member>
    <member refid="classgtsam_1_1NoiseModelFactor1_1af7fe05db115c50d7f3bc2aaa1d6c7950" kind="function"><name>key</name></member>
    <member refid="classgtsam_1_1NoiseModelFactor1_1a70a0b32dd5feba3631815614d8386c86" kind="function"><name>NoiseModelFactor1</name></member>
    <member refid="classgtsam_1_1NoiseModelFactor1_1a886bb13688a62b2680c10cdaf7999918" kind="function"><name>unwhitenedError</name></member>
    <member refid="classgtsam_1_1NoiseModelFactor1_1a42ed690bfeafe79ab396126886b05820" kind="function"><name>evaluateError</name></member>
    <member refid="classgtsam_1_1NoiseModelFactor1_1a7f153cb8f238a3be2260979af5b590ab" kind="function"><name>serialize</name></member>
  </compound>
  <compound refid="classgtsam_1_1NoiseModelFactor2" kind="class"><name>gtsam::NoiseModelFactor2</name>
    <member refid="classgtsam_1_1NoiseModelFactor2_1a5fb0fe8b056bad2171f84922c5184ef1" kind="typedef"><name>X1</name></member>
    <member refid="classgtsam_1_1NoiseModelFactor2_1a3b3777f359b34892f33784d73cb62234" kind="typedef"><name>X2</name></member>
    <member refid="classgtsam_1_1NoiseModelFactor2_1a8c2961991a7f2b253874612fc8124c09" kind="typedef"><name>Base</name></member>
    <member refid="classgtsam_1_1NoiseModelFactor2_1a2743c4c486e80127e8eca591ee3ffbed" kind="typedef"><name>This</name></member>
    <member refid="classgtsam_1_1NoiseModelFactor2_1ac98d07dd8f7b70e16ccb9a01abf56b9c" kind="friend"><name>boost::serialization::access</name></member>
    <member refid="classgtsam_1_1NoiseModelFactor2_1a04f5873776c784cafd55b4ac05b4b757" kind="function"><name>NoiseModelFactor2</name></member>
    <member refid="classgtsam_1_1NoiseModelFactor2_1a35453b054509f5679a29a06b59340cf1" kind="function"><name>NoiseModelFactor2</name></member>
    <member refid="classgtsam_1_1NoiseModelFactor2_1ab629a5dc71461efe61d68faaf5a659f3" kind="function"><name>~NoiseModelFactor2</name></member>
    <member refid="classgtsam_1_1NoiseModelFactor2_1ae3b88b40b4ee6e9af9eefcde77bf9768" kind="function"><name>key1</name></member>
    <member refid="classgtsam_1_1NoiseModelFactor2_1a4d27f5d0beaa35e1e4a5f0ef8974c5a6" kind="function"><name>key2</name></member>
    <member refid="classgtsam_1_1NoiseModelFactor2_1a9640bbbb433383f0b40b5c2d9439415e" kind="function"><name>unwhitenedError</name></member>
    <member refid="classgtsam_1_1NoiseModelFactor2_1a9aa6dcd7db6734479e2212213b021ec1" kind="function"><name>evaluateError</name></member>
    <member refid="classgtsam_1_1NoiseModelFactor2_1ae600c15f59be175aca5b059e488d7166" kind="function"><name>serialize</name></member>
  </compound>
  <compound refid="classgtsam_1_1NoiseModelFactor3" kind="class"><name>gtsam::NoiseModelFactor3</name>
    <member refid="classgtsam_1_1NoiseModelFactor3_1a85e11c8ae6f70e0bdf17f9b6405e6501" kind="typedef"><name>X1</name></member>
    <member refid="classgtsam_1_1NoiseModelFactor3_1aaa8424af6ceb0ce3458efe56d52d5187" kind="typedef"><name>X2</name></member>
    <member refid="classgtsam_1_1NoiseModelFactor3_1a9924ba92623c9a10a286ddd1a8b33f2e" kind="typedef"><name>X3</name></member>
    <member refid="classgtsam_1_1NoiseModelFactor3_1a45c5f50294af1756fac4d4f59b7e31e5" kind="typedef"><name>Base</name></member>
    <member refid="classgtsam_1_1NoiseModelFactor3_1a91a0dfdc66913a71ba5daea0ac681745" kind="typedef"><name>This</name></member>
    <member refid="classgtsam_1_1NoiseModelFactor3_1ac98d07dd8f7b70e16ccb9a01abf56b9c" kind="friend"><name>boost::serialization::access</name></member>
    <member refid="classgtsam_1_1NoiseModelFactor3_1a0bf4383cea2cdb0d263e570e98499ac7" kind="function"><name>NoiseModelFactor3</name></member>
    <member refid="classgtsam_1_1NoiseModelFactor3_1ac2a8e8247e7d55768915fac27a4c078c" kind="function"><name>NoiseModelFactor3</name></member>
    <member refid="classgtsam_1_1NoiseModelFactor3_1a4b4dcb0572c11a2f920b67d0ca7ac8b7" kind="function"><name>~NoiseModelFactor3</name></member>
    <member refid="classgtsam_1_1NoiseModelFactor3_1a535f2bec61538509696513b2ab6bbf0b" kind="function"><name>key1</name></member>
    <member refid="classgtsam_1_1NoiseModelFactor3_1af049e3934c4588d78810051272bdd995" kind="function"><name>key2</name></member>
    <member refid="classgtsam_1_1NoiseModelFactor3_1ae8722af2eb7ac282ba82e49fca1264e1" kind="function"><name>key3</name></member>
    <member refid="classgtsam_1_1NoiseModelFactor3_1aab8e3316ef77cecc1bd1909a2c0eed33" kind="function"><name>unwhitenedError</name></member>
    <member refid="classgtsam_1_1NoiseModelFactor3_1a78613881d348f96be1a158b9bb812950" kind="function"><name>evaluateError</name></member>
    <member refid="classgtsam_1_1NoiseModelFactor3_1a61eb4f72c087d840f4c66db44772437b" kind="function"><name>serialize</name></member>
  </compound>
  <compound refid="classgtsam_1_1NoiseModelFactor4" kind="class"><name>gtsam::NoiseModelFactor4</name>
    <member refid="classgtsam_1_1NoiseModelFactor4_1ae43138cc390ef4b2956e334f160df42e" kind="typedef"><name>X1</name></member>
    <member refid="classgtsam_1_1NoiseModelFactor4_1aafd5bc6e588c7e1084897814831713c5" kind="typedef"><name>X2</name></member>
    <member refid="classgtsam_1_1NoiseModelFactor4_1aa07132c1d7f42154fafd026c702ca240" kind="typedef"><name>X3</name></member>
    <member refid="classgtsam_1_1NoiseModelFactor4_1a6ca1a804d790e17f108c8e14df2c5077" kind="typedef"><name>X4</name></member>
    <member refid="classgtsam_1_1NoiseModelFactor4_1a846f05b113e5553fe7b42a9a49906f98" kind="typedef"><name>Base</name></member>
    <member refid="classgtsam_1_1NoiseModelFactor4_1a372757bbf75dee8eaf33b479b31f06a1" kind="typedef"><name>This</name></member>
    <member refid="classgtsam_1_1NoiseModelFactor4_1ac98d07dd8f7b70e16ccb9a01abf56b9c" kind="friend"><name>boost::serialization::access</name></member>
    <member refid="classgtsam_1_1NoiseModelFactor4_1a65adc8d1272df63390168b26f4f7bc70" kind="function"><name>NoiseModelFactor4</name></member>
    <member refid="classgtsam_1_1NoiseModelFactor4_1a8ce3daa05897e12db9e38a9c96043ce3" kind="function"><name>NoiseModelFactor4</name></member>
    <member refid="classgtsam_1_1NoiseModelFactor4_1a3e53af328261232767713e26fa0d35d5" kind="function"><name>~NoiseModelFactor4</name></member>
    <member refid="classgtsam_1_1NoiseModelFactor4_1a4339880be87fa2a533aa07324481f7b6" kind="function"><name>key1</name></member>
    <member refid="classgtsam_1_1NoiseModelFactor4_1acb1d3940d9b5ee1aa7c9c3c3c1a21ed9" kind="function"><name>key2</name></member>
    <member refid="classgtsam_1_1NoiseModelFactor4_1ac1111c7becb0904f141dc07eff1a4e7c" kind="function"><name>key3</name></member>
    <member refid="classgtsam_1_1NoiseModelFactor4_1a6d9ee65e09dfe61a663c60d97f01b341" kind="function"><name>key4</name></member>
    <member refid="classgtsam_1_1NoiseModelFactor4_1a6a79ae22fc40447c8dc183a951243440" kind="function"><name>unwhitenedError</name></member>
    <member refid="classgtsam_1_1NoiseModelFactor4_1a5e4197ee6a113e77d2abc1dbbebb0857" kind="function"><name>evaluateError</name></member>
    <member refid="classgtsam_1_1NoiseModelFactor4_1a51fda42bdf2b1b442b5a8ed204386816" kind="function"><name>serialize</name></member>
  </compound>
  <compound refid="classgtsam_1_1NoiseModelFactor5" kind="class"><name>gtsam::NoiseModelFactor5</name>
    <member refid="classgtsam_1_1NoiseModelFactor5_1a514869f1357a9e05118bfab0c6fa97e2" kind="typedef"><name>X1</name></member>
    <member refid="classgtsam_1_1NoiseModelFactor5_1ad9181205117e8efb56ebe4f297645d3e" kind="typedef"><name>X2</name></member>
    <member refid="classgtsam_1_1NoiseModelFactor5_1aeb3efb9dbda7a2fef53c55a4513ab4ec" kind="typedef"><name>X3</name></member>
    <member refid="classgtsam_1_1NoiseModelFactor5_1a4e272b4742d0477f444995ec73e097c7" kind="typedef"><name>X4</name></member>
    <member refid="classgtsam_1_1NoiseModelFactor5_1afaf024c990892895e5f5ed0b34758f27" kind="typedef"><name>X5</name></member>
    <member refid="classgtsam_1_1NoiseModelFactor5_1a594617cffc3d1a9985cd64e34936a7f5" kind="typedef"><name>Base</name></member>
    <member refid="classgtsam_1_1NoiseModelFactor5_1a19020d6d909366475872911b6dfc16df" kind="typedef"><name>This</name></member>
    <member refid="classgtsam_1_1NoiseModelFactor5_1ac98d07dd8f7b70e16ccb9a01abf56b9c" kind="friend"><name>boost::serialization::access</name></member>
    <member refid="classgtsam_1_1NoiseModelFactor5_1a424c4633f6c1907d0dd3381cffbed82a" kind="function"><name>NoiseModelFactor5</name></member>
    <member refid="classgtsam_1_1NoiseModelFactor5_1a01d2e8a5253a67ceac02320a719c5280" kind="function"><name>NoiseModelFactor5</name></member>
    <member refid="classgtsam_1_1NoiseModelFactor5_1ae16654ff529ddcfedd1b394f7716412d" kind="function"><name>~NoiseModelFactor5</name></member>
    <member refid="classgtsam_1_1NoiseModelFactor5_1a23886196ba086677b1e2168e17a34280" kind="function"><name>key1</name></member>
    <member refid="classgtsam_1_1NoiseModelFactor5_1a464749bd22a65ee29f99452f194eaf54" kind="function"><name>key2</name></member>
    <member refid="classgtsam_1_1NoiseModelFactor5_1a028c4fbddfe09a66ac3780e23bd25fcd" kind="function"><name>key3</name></member>
    <member refid="classgtsam_1_1NoiseModelFactor5_1aac1933a0fa685709867f12cb636c98d3" kind="function"><name>key4</name></member>
    <member refid="classgtsam_1_1NoiseModelFactor5_1a529d24a558fe3e6bd1dc4839c9778f0c" kind="function"><name>key5</name></member>
    <member refid="classgtsam_1_1NoiseModelFactor5_1a701b7a764f18310b4eea14ee023c922b" kind="function"><name>unwhitenedError</name></member>
    <member refid="classgtsam_1_1NoiseModelFactor5_1af0adaca3d551e42404aaf98c3053b009" kind="function"><name>evaluateError</name></member>
    <member refid="classgtsam_1_1NoiseModelFactor5_1a02db3a5d618d3738c5ec277626a2b598" kind="function"><name>serialize</name></member>
  </compound>
  <compound refid="classgtsam_1_1NoiseModelFactor6" kind="class"><name>gtsam::NoiseModelFactor6</name>
    <member refid="classgtsam_1_1NoiseModelFactor6_1a369d9accd53012d84bbbaf87b176222b" kind="typedef"><name>X1</name></member>
    <member refid="classgtsam_1_1NoiseModelFactor6_1a6107bc96fff5d12783429158e79b9390" kind="typedef"><name>X2</name></member>
    <member refid="classgtsam_1_1NoiseModelFactor6_1a76c477f40c2b911a9f28d456ea9164a2" kind="typedef"><name>X3</name></member>
    <member refid="classgtsam_1_1NoiseModelFactor6_1a2a90aff22e4bd88dae81bf824956a113" kind="typedef"><name>X4</name></member>
    <member refid="classgtsam_1_1NoiseModelFactor6_1ae13e19a4b3a7a331d04d5b460e73216f" kind="typedef"><name>X5</name></member>
    <member refid="classgtsam_1_1NoiseModelFactor6_1af44204ef6947a65b973dee5707495601" kind="typedef"><name>X6</name></member>
    <member refid="classgtsam_1_1NoiseModelFactor6_1ad4a36f4c5b39c0ea03806592fc1c3474" kind="typedef"><name>Base</name></member>
    <member refid="classgtsam_1_1NoiseModelFactor6_1a6939c52138ed37f395a57db8b50c71ec" kind="typedef"><name>This</name></member>
    <member refid="classgtsam_1_1NoiseModelFactor6_1ac98d07dd8f7b70e16ccb9a01abf56b9c" kind="friend"><name>boost::serialization::access</name></member>
    <member refid="classgtsam_1_1NoiseModelFactor6_1a15bcca054e397e486fb9dda0d0436cdb" kind="function"><name>NoiseModelFactor6</name></member>
    <member refid="classgtsam_1_1NoiseModelFactor6_1ad3d89a85f0c70d7a424f2060d514cab9" kind="function"><name>NoiseModelFactor6</name></member>
    <member refid="classgtsam_1_1NoiseModelFactor6_1ad62b1867b67dee83e8733392a0aa579b" kind="function"><name>~NoiseModelFactor6</name></member>
    <member refid="classgtsam_1_1NoiseModelFactor6_1a587ce14373742350ff30a78c856ecaa0" kind="function"><name>key1</name></member>
    <member refid="classgtsam_1_1NoiseModelFactor6_1a57f3ba7d334871bcb688727788ac95d3" kind="function"><name>key2</name></member>
    <member refid="classgtsam_1_1NoiseModelFactor6_1a37bbec5754c7c6bd7cee9b3e94d9cbb1" kind="function"><name>key3</name></member>
    <member refid="classgtsam_1_1NoiseModelFactor6_1a675e3df6fed6189dd9b8977907348960" kind="function"><name>key4</name></member>
    <member refid="classgtsam_1_1NoiseModelFactor6_1a926065f63458a5673888e0b53054061d" kind="function"><name>key5</name></member>
    <member refid="classgtsam_1_1NoiseModelFactor6_1a16a7857c857694bc66e19f455ad90a57" kind="function"><name>key6</name></member>
    <member refid="classgtsam_1_1NoiseModelFactor6_1a945d269f9a722d585e3332be23030450" kind="function"><name>unwhitenedError</name></member>
    <member refid="classgtsam_1_1NoiseModelFactor6_1a896a223b88b621bfe9f45bf8e2cd9960" kind="function"><name>evaluateError</name></member>
    <member refid="classgtsam_1_1NoiseModelFactor6_1ac8f738f856920913a79e5017c1ced402" kind="function"><name>serialize</name></member>
  </compound>
  <compound refid="classgtsam_1_1NonlinearFactor" kind="class"><name>gtsam::NonlinearFactor</name>
    <member refid="classgtsam_1_1NonlinearFactor_1a7c719ae67f222f66569ccb3b526cb9cb" kind="function"><name>NonlinearFactor</name></member>
    <member refid="classgtsam_1_1NonlinearFactor_1a8a7610dba7e9a6f878268c2769ea0e04" kind="function"><name>NonlinearFactor</name></member>
    <member refid="classgtsam_1_1NonlinearFactor_1a758285fe17213cbf9c23b9f42fb960e6" kind="function"><name>print</name></member>
    <member refid="classgtsam_1_1NonlinearFactor_1a38cdabb3302973815e357bd00573734a" kind="function"><name>equals</name></member>
    <member refid="classgtsam_1_1NonlinearFactor_1ac457810c504de58732d51d61f715c2de" kind="function"><name>~NonlinearFactor</name></member>
    <member refid="classgtsam_1_1NonlinearFactor_1a8e67e58ff0e4f9d58f07e5eb227adc52" kind="function"><name>error</name></member>
    <member refid="classgtsam_1_1NonlinearFactor_1a5f0fcf1c93ded207d4a31e8ede07d797" kind="function"><name>dim</name></member>
    <member refid="classgtsam_1_1NonlinearFactor_1a1968f471dc3ea33aaf0226ff7be5ae8c" kind="function"><name>active</name></member>
    <member refid="classgtsam_1_1NonlinearFactor_1af2cc20b4ec180610dbf224f2165fa50a" kind="function"><name>linearize</name></member>
    <member refid="classgtsam_1_1NonlinearFactor_1aa98a30a78ade8489214ce2e5b8302777" kind="function"><name>clone</name></member>
    <member refid="classgtsam_1_1NonlinearFactor_1a95f4d57e8646b6df634496aaabb683b5" kind="function"><name>rekey</name></member>
    <member refid="classgtsam_1_1NonlinearFactor_1a5f760600e8608ef15c825a0f8d1d1855" kind="function"><name>rekey</name></member>
    <member refid="classgtsam_1_1NonlinearFactor_1aa76bae0d7aeb6591a824daa7c5dc2ac6" kind="typedef"><name>Base</name></member>
    <member refid="classgtsam_1_1NonlinearFactor_1a15c628be5e7433ee4ece0c5fd12d049e" kind="typedef"><name>This</name></member>
    <member refid="classgtsam_1_1NonlinearFactor_1a3bf72f88f6e726577c89f894bf481515" kind="typedef"><name>shared_ptr</name></member>
  </compound>
  <compound refid="structgtsam_1_1traits_3_01JacobianFactorQ_3_01D_00_01ZDim_01_4_01_4" kind="struct"><name>gtsam::traits&lt; JacobianFactorQ&lt; D, ZDim &gt; &gt;</name>
  </compound>
  <compound refid="structgtsam_1_1traits_3_01NonlinearFactor_01_4" kind="struct"><name>gtsam::traits&lt; NonlinearFactor &gt;</name>
  </compound>
  <compound refid="namespacegtsam" kind="namespace"><name>gtsam</name>
  </compound>
  <compound refid="JacobianFactorQ_8h" kind="file"><name>JacobianFactorQ.h</name>
  </compound>
  <compound refid="NonlinearFactor_8h" kind="file"><name>NonlinearFactor.h</name>
    <member refid="NonlinearFactor_8h_1acd444d887da7c7f7107e8a5caa703b22" kind="define"><name>ADD_CLONE_NONLINEAR_FACTOR</name></member>
  </compound>
  <compound refid="deprecated" kind="page"><name>deprecated</name>
  </compound>
  <compound refid="dir_e4787312bc569bb879bb1171628269de" kind="dir"><name>tests/doc-test-files</name>
  </compound>
  <compound refid="dir_59425e443f801f1f2fd8bbe4959a3ccf" kind="dir"><name>tests</name>
  </compound>
</doxygenindex>
