<?xml version='1.0' encoding='UTF-8' standalone='no'?>
<doxygen xmlns:xsi="http://www.w3.org/2001/XMLSchema-instance" xsi:noNamespaceSchemaLocation="compound.xsd" version="1.8.11">
  <compounddef id="structgtsam_1_1traits_3_01JacobianFactorQ_3_01D_00_01ZDim_01_4_01_4" kind="struct" language="C++" prot="public">
    <compoundname>gtsam::traits&lt; JacobianFactorQ&lt; D, ZDim &gt; &gt;</compoundname>
    <basecompoundref prot="public" virt="non-virtual">Testable&lt; JacobianFactorQ&lt; D, ZDim &gt; &gt;</basecompoundref>
    <templateparamlist>
      <param>
        <type>size_t</type>
        <declname>D</declname>
        <defname>D</defname>
      </param>
      <param>
        <type>size_t</type>
        <declname>ZDim</declname>
        <defname>ZDim</defname>
      </param>
    </templateparamlist>
    <briefdescription>
    </briefdescription>
    <detaileddescription>
    </detaileddescription>
    <inheritancegraph>
      <node id="159">
        <label>Testable&lt; JacobianFactorQ&lt; D, ZDim &gt; &gt;</label>
      </node>
      <node id="158">
        <label>gtsam::traits&lt; JacobianFactorQ&lt; D, ZDim &gt; &gt;</label>
        <link refid="structgtsam_1_1traits_3_01JacobianFactorQ_3_01D_00_01ZDim_01_4_01_4"/>
        <childnode refid="159" relation="public-inheritance">
        </childnode>
      </node>
    </inheritancegraph>
    <collaborationgraph>
      <node id="161">
        <label>Testable&lt; JacobianFactorQ&lt; D, ZDim &gt; &gt;</label>
      </node>
      <node id="160">
        <label>gtsam::traits&lt; JacobianFactorQ&lt; D, ZDim &gt; &gt;</label>
        <link refid="structgtsam_1_1traits_3_01JacobianFactorQ_3_01D_00_01ZDim_01_4_01_4"/>
        <childnode refid="161" relation="public-inheritance">
        </childnode>
      </node>
    </collaborationgraph>
    <location file="tests/doc-test-files/JacobianFactorQ.h" line="78" column="1" bodyfile="tests/doc-test-files/JacobianFactorQ.h" bodystart="77" bodyend="79"/>
    <listofallmembers>
    </listofallmembers>
  </compounddef>
</doxygen>
